{
  "name": "@sanjo/test-package-for-create-package",
  "version": "0.0.0",
  "type": "module",
  "description": "Description of test package",
  "keywords": [],
  "homepage": "https://github.com/SanjoSolutions/unnamed/tree/main/packages/test-package-for-create-package",
  "license": "Unlicense",
  "main": "./index.js",
  "repository": {
    "type": "git",
    "url": "https://github.com/SanjoSolutions/unnamed.git",
    "directory": "packages/test-package-for-create-package"
  },
  "dependencies": {},
  "devDependencies": {},
  "types": "./index.d.ts",
  "publishConfig": {
    "access": "public"
  }
}
