{
  "extends": "../../tsconfig-base.json",
  "compilerOptions": {
    "rootDir": "./src/",
    "outDir": "./built/",
    "lib": ["ESNext"],
    "tsBuildInfoFile": "tsconfig.tsbuildinfo"
  },
  "include": ["./src/**/*"],
  "references": []
}
