{
  "extends": "../../tsconfig-base-build.json",
  "compilerOptions": {
    "rootDir": "./src/",
    "outDir": "./",
    "lib": ["ESNext", "DOM"],
    "tsBuildInfoFile": "tsconfig.tsbuildinfo"
  },
  "include": ["./src/**/*"],
  "references": []
}
