{
  "extends": "../../tsconfig-base.json",
  "compilerOptions": {
    "rootDir": "./src/",
    "outDir": "./built/",
    "module": "ES2020",
    "lib": [
      "ES2020",
      "DOM"
    ]
  },
  "references": []
}
