{
  "name": "@sanjo/test-package-for-create-browser-package",
  "version": "0.0.0",
  "type": "module",
  "description": "Description of test package",
  "keywords": [],
  "homepage": "https://github.com/SanjoSolutions/unnamed/tree/main/packages/test-package-for-create-browser-package",
  "license": "Unlicense",
  "main": "./index.js",
  "repository": {
    "type": "git",
    "url": "https://github.com/SanjoSolutions/unnamed.git",
    "directory": "packages/test-package-for-create-browser-package"
  },
  "scripts": {
    "build": "webpack --config webpack.prod.js",
    "build:watch": "webpack-dev-server --open --config webpack.dev.js"
  },
  "dependencies": {},
  "devDependencies": {
    "@sanjo/webpack": "^1.1.0"
  },
  "types": "./index.d.ts",
  "publishConfig": {
    "access": "public"
  }
}
