{
  "extends": "../../tsconfig-base.json",
  "compilerOptions": {
    "rootDir": "./src/",
    "outDir": "./build/",
    "tsBuildInfoFile": "tsconfig.tsbuildinfo",
    "lib": ["ES2022", "DOM"]
  },
  "include": ["./src/**/*"],
  "references": [
    {
      "path": "../esbuild"
    }
  ]
}
